error reading information on service rh-cloud-firstboot: No such file or directory
